

================================================================
== Vivado HLS Report for 'hw_dot_product'
================================================================
* Date:           Sat Nov 11 19:12:43 2023

* Version:        2018.2 (Build 2258646 on Thu Jun 14 20:25:20 MDT 2018)
* Project:        dot_product
* Solution:       solution1
* Product family: zynq
* Target device:  xc7z020clg484-1


================================================================
== Performance Estimates
================================================================
+ Timing (ns): 
    * Summary: 
    +--------+-------+----------+------------+
    |  Clock | Target| Estimated| Uncertainty|
    +--------+-------+----------+------------+
    |ap_clk  |  10.00|     8.742|        1.25|
    +--------+-------+----------+------------+

+ Latency (clock cycles): 
    * Summary: 
    +-----+-----+-----+-----+---------+
    |  Latency  |  Interval | Pipeline|
    | min | max | min | max |   Type  |
    +-----+-----+-----+-----+---------+
    |    8|    8|    8|    8|   none  |
    +-----+-----+-----+-----+---------+

    + Detail: 
        * Instance: 
        N/A

        * Loop: 
        N/A



================================================================
== Utilization Estimates
================================================================
* Summary: 
+-----------------+---------+-------+--------+-------+
|       Name      | BRAM_18K| DSP48E|   FF   |  LUT  |
+-----------------+---------+-------+--------+-------+
|DSP              |        -|      -|       -|      -|
|Expression       |        -|      6|       0|    335|
|FIFO             |        -|      -|       -|      -|
|Instance         |        -|      -|       -|      -|
|Memory           |        -|      -|       -|      -|
|Multiplexer      |        -|      -|       -|    179|
|Register         |        -|      -|     393|      -|
+-----------------+---------+-------+--------+-------+
|Total            |        0|      6|     393|    514|
+-----------------+---------+-------+--------+-------+
|Available        |      280|    220|  106400|  53200|
+-----------------+---------+-------+--------+-------+
|Utilization (%)  |        0|      2|   ~0   |   ~0  |
+-----------------+---------+-------+--------+-------+

+ Detail: 
    * Instance: 
    N/A

    * DSP48: 
    N/A

    * Memory: 
    N/A

    * FIFO: 
    N/A

    * Expression: 
    +----------------+----------+-------+---+----+------------+------------+
    |  Variable Name | Operation| DSP48E| FF| LUT| Bitwidth P0| Bitwidth P1|
    +----------------+----------+-------+---+----+------------+------------+
    |grp_fu_255_p2   |     *    |      3|  0|  20|          32|          32|
    |grp_fu_261_p2   |     *    |      3|  0|  20|          32|          32|
    |out_r           |     +    |      0|  0|  32|          32|          32|
    |tmp1_fu_279_p2  |     +    |      0|  0|  39|          32|          32|
    |tmp2_fu_291_p2  |     +    |      0|  0|  32|          32|          32|
    |tmp3_fu_285_p2  |     +    |      0|  0|  32|          32|          32|
    |tmp4_fu_313_p2  |     +    |      0|  0|  32|          32|          32|
    |tmp5_fu_297_p2  |     +    |      0|  0|  32|          32|          32|
    |tmp6_fu_307_p2  |     +    |      0|  0|  32|          32|          32|
    |tmp7_fu_302_p2  |     +    |      0|  0|  32|          32|          32|
    |tmp_fu_319_p2   |     +    |      0|  0|  32|          32|          32|
    +----------------+----------+-------+---+----+------------+------------+
    |Total           |          |      6|  0| 335|         352|         352|
    +----------------+----------+-------+---+----+------------+------------+

    * Multiplexer: 
    +------------+----+-----------+-----+-----------+
    |    Name    | LUT| Input Size| Bits| Total Bits|
    +------------+----+-----------+-----+-----------+
    |a_address0  |  33|          6|    4|         24|
    |a_address1  |  33|          6|    4|         24|
    |ap_NS_fsm   |  47|         10|    1|         10|
    |b_address0  |  33|          6|    4|         24|
    |b_address1  |  33|          6|    4|         24|
    +------------+----+-----------+-----+-----------+
    |Total       | 179|         34|   17|        106|
    +------------+----+-----------+-----+-----------+

    * Register: 
    +-----------------+----+----+-----+-----------+
    |       Name      | FF | LUT| Bits| Const Bits|
    +-----------------+----+----+-----+-----------+
    |ap_CS_fsm        |   9|   0|    9|          0|
    |reg_239          |  32|   0|   32|          0|
    |reg_243          |  32|   0|   32|          0|
    |reg_247          |  32|   0|   32|          0|
    |reg_251          |  32|   0|   32|          0|
    |reg_267          |  32|   0|   32|          0|
    |reg_271          |  32|   0|   32|          0|
    |reg_275          |  32|   0|   32|          0|
    |tmp1_reg_409     |  32|   0|   32|          0|
    |tmp2_reg_439     |  32|   0|   32|          0|
    |tmp4_reg_449     |  32|   0|   32|          0|
    |tmp_1_5_reg_414  |  32|   0|   32|          0|
    |tmp_1_9_reg_444  |  32|   0|   32|          0|
    +-----------------+----+----+-----+-----------+
    |Total            | 393|   0|  393|          0|
    +-----------------+----+----+-----+-----------+



================================================================
== Interface
================================================================
* Summary: 
+--------------+-----+-----+------------+----------------+--------------+
|   RTL Ports  | Dir | Bits|  Protocol  |  Source Object |    C Type    |
+--------------+-----+-----+------------+----------------+--------------+
|ap_clk        |  in |    1| ap_ctrl_hs | hw_dot_product | return value |
|ap_rst        |  in |    1| ap_ctrl_hs | hw_dot_product | return value |
|ap_start      |  in |    1| ap_ctrl_hs | hw_dot_product | return value |
|ap_done       | out |    1| ap_ctrl_hs | hw_dot_product | return value |
|ap_idle       | out |    1| ap_ctrl_hs | hw_dot_product | return value |
|ap_ready      | out |    1| ap_ctrl_hs | hw_dot_product | return value |
|a_address0    | out |    4|  ap_memory |        a       |     array    |
|a_ce0         | out |    1|  ap_memory |        a       |     array    |
|a_q0          |  in |   32|  ap_memory |        a       |     array    |
|a_address1    | out |    4|  ap_memory |        a       |     array    |
|a_ce1         | out |    1|  ap_memory |        a       |     array    |
|a_q1          |  in |   32|  ap_memory |        a       |     array    |
|b_address0    | out |    4|  ap_memory |        b       |     array    |
|b_ce0         | out |    1|  ap_memory |        b       |     array    |
|b_q0          |  in |   32|  ap_memory |        b       |     array    |
|b_address1    | out |    4|  ap_memory |        b       |     array    |
|b_ce1         | out |    1|  ap_memory |        b       |     array    |
|b_q1          |  in |   32|  ap_memory |        b       |     array    |
|out_r         | out |   32|   ap_vld   |      out_r     |    pointer   |
|out_r_ap_vld  | out |    1|   ap_vld   |      out_r     |    pointer   |
+--------------+-----+-----+------------+----------------+--------------+

